E:\VS2026\vcpkg\installed\x64-windows\debug\bin\tesseract55d.dll
E:\VS2026\vcpkg\installed\x64-windows\debug\bin\archive.dll
E:\VS2026\vcpkg\installed\x64-windows\debug\bin\zd.dll
E:\VS2026\vcpkg\installed\x64-windows\debug\bin\bz2d.dll
E:\VS2026\vcpkg\installed\x64-windows\debug\bin\liblzma.dll
E:\VS2026\vcpkg\installed\x64-windows\debug\bin\libcrypto-3-x64.dll
E:\VS2026\vcpkg\installed\x64-windows\debug\bin\lz4d.dll
E:\VS2026\vcpkg\installed\x64-windows\debug\bin\zstd.dll
E:\VS2026\vcpkg\installed\x64-windows\debug\bin\libcurl-d.dll
E:\VS2026\vcpkg\installed\x64-windows\debug\bin\leptonica-1.87.0d.dll
E:\VS2026\vcpkg\installed\x64-windows\debug\bin\gif.dll
E:\VS2026\vcpkg\installed\x64-windows\debug\bin\jpeg62.dll
E:\VS2026\vcpkg\installed\x64-windows\debug\bin\openjp2.dll
E:\VS2026\vcpkg\installed\x64-windows\debug\bin\libpng16d.dll
E:\VS2026\vcpkg\installed\x64-windows\debug\bin\tiffd.dll
E:\VS2026\vcpkg\installed\x64-windows\debug\bin\libwebpmux.dll
E:\VS2026\vcpkg\installed\x64-windows\debug\bin\libwebp.dll
E:\VS2026\vcpkg\installed\x64-windows\debug\bin\libsharpyuv.dll
E:\VS2026\vcpkg\installed\x64-windows\debug\bin\opencv_core4d.dll
E:\VS2026\vcpkg\installed\x64-windows\debug\bin\opencv_imgproc4d.dll
E:\VS2026\vcpkg\installed\x64-windows\debug\bin\opencv_imgcodecs4d.dll
E:\VS2026\vcpkg\installed\x64-windows\debug\bin\libwebpdecoder.dll
E:\VS2026\vcpkg\installed\x64-windows\debug\bin\libwebpdemux.dll
E:\VS2026\vcpkg\installed\x64-windows\debug\bin\opencv_highgui4d.dll
E:\VS2026\vcpkg\installed\x64-windows\debug\bin\opencv_videoio4d.dll
